---
source: test-harness/src/harness.rs
expression: snapshot
info:
  kind:
    Translate:
      backend: fstar
  info:
    name: traits
    manifest: traits/Cargo.toml
    description: ~
  spec:
    optional: false
    broken: false
    issue_id: ~
    positive: true
    snapshot:
      stderr: false
      stdout: true
    include_flag: ~
    backend_options: ~
---
exit = 0

[stdout]
diagnostics = []

[stdout.files]
"Traits.For_clauses.Issue_495_.Minimized_3_.fst" = '''
module Traits.For_clauses.Issue_495_.Minimized_3_
#set-options "--fuel 0 --ifuel 1 --z3rlimit 15"
open Core
open FStar.Mul

class t_Trait (#v_Self: Type0) = { __marker_trait_t_Trait:Prims.unit }

[@@ FStar.Tactics.Typeclasses.tcinstance]
let impl
      (#v_P: Type0)
      (#[FStar.Tactics.Typeclasses.tcresolve ()] i0: Core.Ops.Function.t_FnMut v_P u8)
    : t_Trait #v_P = { __marker_trait = () }
'''
"Traits.For_clauses.Issue_495_.fst" = '''
module Traits.For_clauses.Issue_495_
#set-options "--fuel 0 --ifuel 1 --z3rlimit 15"
open Core
open FStar.Mul

let minimized_1_ (list: Alloc.Vec.t_Vec u8 Alloc.Alloc.t_Global)
    : Alloc.Vec.t_Vec u8 Alloc.Alloc.t_Global =
  Core.Iter.Traits.Iterator.f_collect #(Core.Iter.Adapters.Filter.t_Filter
        (Core.Ops.Range.t_Range u8) (u8 -> bool))
    #(Alloc.Vec.t_Vec u8 Alloc.Alloc.t_Global)
    (Core.Iter.Traits.Iterator.f_filter #(Core.Ops.Range.t_Range u8)
        ({ Core.Ops.Range.f_start = 0uy; Core.Ops.Range.f_end = 5uy } <: Core.Ops.Range.t_Range u8)
        (fun temp_0_ ->
            let _:u8 = temp_0_ in
            true)
      <:
      Core.Iter.Adapters.Filter.t_Filter (Core.Ops.Range.t_Range u8) (u8 -> bool))

let minimized_2_ (it: Core.Iter.Adapters.Filter.t_Filter (Core.Ops.Range.t_Range u8) (u8 -> bool))
    : Prims.unit =
  let (v__indices: Alloc.Vec.t_Vec u8 Alloc.Alloc.t_Global):Alloc.Vec.t_Vec u8 Alloc.Alloc.t_Global
  =
    Core.Iter.Traits.Iterator.f_collect #(Core.Iter.Adapters.Filter.t_Filter
          (Core.Ops.Range.t_Range u8) (u8 -> bool))
      #(Alloc.Vec.t_Vec u8 Alloc.Alloc.t_Global)
      it
  in
  ()

let original_function_from_495_ (list: Alloc.Vec.t_Vec u8 Alloc.Alloc.t_Global) : Prims.unit =
  let (v__indices: Alloc.Vec.t_Vec u8 Alloc.Alloc.t_Global):Alloc.Vec.t_Vec u8 Alloc.Alloc.t_Global
  =
    Core.Iter.Traits.Iterator.f_collect #(Core.Iter.Adapters.Filter.t_Filter
          (Core.Ops.Range.t_Range u8) (u8 -> bool))
      #(Alloc.Vec.t_Vec u8 Alloc.Alloc.t_Global)
      (Core.Iter.Traits.Iterator.f_filter #(Core.Ops.Range.t_Range u8)
          ({ Core.Ops.Range.f_start = 0uy; Core.Ops.Range.f_end = 5uy } <: Core.Ops.Range.t_Range u8
          )
          (fun i ->
              let i:u8 = i in
              let _, out:(Core.Slice.Iter.t_Iter u8 & bool) =
                Core.Iter.Traits.Iterator.f_any #(Core.Slice.Iter.t_Iter u8)
                  (Core.Slice.impl__iter #u8
                      (Core.Ops.Deref.f_deref #(Alloc.Vec.t_Vec u8 Alloc.Alloc.t_Global) list
                        <:
                        t_Slice u8)
                    <:
                    Core.Slice.Iter.t_Iter u8)
                  (fun n ->
                      let n:u8 = n in
                      n =. i <: bool)
              in
              out)
        <:
        Core.Iter.Adapters.Filter.t_Filter (Core.Ops.Range.t_Range u8) (u8 -> bool))
  in
  ()
'''
"Traits.For_clauses.fst" = '''
module Traits.For_clauses
#set-options "--fuel 0 --ifuel 1 --z3rlimit 15"
open Core
open FStar.Mul

class t_Foo (#v_Self: Type0) (#v_T: Type0) = {
  f_to_t_pre:v_Self -> bool;
  f_to_t_post:v_Self -> v_T -> bool;
  f_to_t:x0: v_Self -> Prims.Pure v_T (f_to_t_pre x0) (fun result -> f_to_t_post x0 result)
}

let v__f (#v_X: Type0) (#[FStar.Tactics.Typeclasses.tcresolve ()] i1: t_Foo v_X u8) (x: v_X)
    : Prims.unit =
  let _:u8 = f_to_t #v_X #u8 x in
  ()
'''
"Traits.Implicit_dependencies_issue_667_.Define_type.fst" = '''
module Traits.Implicit_dependencies_issue_667_.Define_type
#set-options "--fuel 0 --ifuel 1 --z3rlimit 15"
open Core
open FStar.Mul

type t_MyType = | MyType : t_MyType
'''
"Traits.Implicit_dependencies_issue_667_.Impl_type.fst" = '''
module Traits.Implicit_dependencies_issue_667_.Impl_type
#set-options "--fuel 0 --ifuel 1 --z3rlimit 15"
open Core
open FStar.Mul

[@@ FStar.Tactics.Typeclasses.tcinstance]
let impl: Traits.Implicit_dependencies_issue_667_.Trait_definition.t_MyTrait
#Traits.Implicit_dependencies_issue_667_.Define_type.t_MyType =
  {
    f_my_method_pre
    =
    (fun (self: Traits.Implicit_dependencies_issue_667_.Define_type.t_MyType) -> true);
    f_my_method_post
    =
    (fun (self: Traits.Implicit_dependencies_issue_667_.Define_type.t_MyType) (out: Prims.unit) ->
        true);
    f_my_method = fun (self: Traits.Implicit_dependencies_issue_667_.Define_type.t_MyType) -> ()
  }
'''
"Traits.Implicit_dependencies_issue_667_.Trait_definition.fst" = '''
module Traits.Implicit_dependencies_issue_667_.Trait_definition
#set-options "--fuel 0 --ifuel 1 --z3rlimit 15"
open Core
open FStar.Mul

class t_MyTrait (#v_Self: Type0) = {
  f_my_method_pre:v_Self -> bool;
  f_my_method_post:v_Self -> Prims.unit -> bool;
  f_my_method:x0: v_Self
    -> Prims.Pure Prims.unit (f_my_method_pre x0) (fun result -> f_my_method_post x0 result)
}
'''
"Traits.Implicit_dependencies_issue_667_.Use_type.fst" = '''
module Traits.Implicit_dependencies_issue_667_.Use_type
#set-options "--fuel 0 --ifuel 1 --z3rlimit 15"
open Core
open FStar.Mul

let _ =
  (* This module has implicit dependencies, here we make them explicit. *)
  (* The implicit dependencies arise from typeclasses instances. *)
  let open Traits.Implicit_dependencies_issue_667_.Impl_type in
  ()

let some_function (x: Traits.Implicit_dependencies_issue_667_.Define_type.t_MyType) : Prims.unit =
  Traits.Implicit_dependencies_issue_667_.Trait_definition.f_my_method #Traits.Implicit_dependencies_issue_667_.Define_type.t_MyType
    x
'''
"Traits.Interlaced_consts_types.fst" = '''
module Traits.Interlaced_consts_types
#set-options "--fuel 0 --ifuel 1 --z3rlimit 15"
open Core
open FStar.Mul

class t_Foo (#v_Self: Type0) (v_FooConst: usize) (#v_FooType: Type0) = {
  f_fun_pre:
      v_FunConst: usize ->
      #v_FunType: Type0 ->
      t_Array v_FooType v_FooConst ->
      t_Array v_FunType v_FunConst
    -> bool;
  f_fun_post:
      v_FunConst: usize ->
      #v_FunType: Type0 ->
      t_Array v_FooType v_FooConst ->
      t_Array v_FunType v_FunConst ->
      Prims.unit
    -> bool;
  f_fun:
      v_FunConst: usize ->
      #v_FunType: Type0 ->
      x0: t_Array v_FooType v_FooConst ->
      x1: t_Array v_FunType v_FunConst
    -> Prims.Pure Prims.unit
        (f_fun_pre v_FunConst v_FunType x0 x1)
        (fun result -> f_fun_post v_FunConst v_FunType x0 x1 result)
}

[@@ FStar.Tactics.Typeclasses.tcinstance]
let impl (v_FooConst: usize) (#v_FooType #v_SelfType: Type0)
    : t_Foo #v_SelfType v_FooConst #v_FooType =
  {
    f_fun_pre
    =
    (fun
        (v_FunConst: usize)
        (#v_FunType: Type0)
        (x: t_Array v_FooType v_FooConst)
        (y: t_Array v_FunType v_FunConst)
        ->
        true);
    f_fun_post
    =
    (fun
        (v_FunConst: usize)
        (#v_FunType: Type0)
        (x: t_Array v_FooType v_FooConst)
        (y: t_Array v_FunType v_FunConst)
        (out: Prims.unit)
        ->
        true);
    f_fun
    =
    fun
      (v_FunConst: usize)
      (#v_FunType: Type0)
      (x: t_Array v_FooType v_FooConst)
      (y: t_Array v_FunType v_FunConst)
      ->
      ()
  }

type t_Bar (v_FooConst: usize) (v_FooType: Type0) =
  | Bar : t_Array v_FooType v_FooConst -> t_Bar v_FooConst v_FooType
'''
"Traits.Type_alias_bounds_issue_707_.fst" = '''
module Traits.Type_alias_bounds_issue_707_
#set-options "--fuel 0 --ifuel 1 --z3rlimit 15"
open Core
open FStar.Mul

type t_StructWithGenericBounds (v_T: Type0) {| i1: Core.Clone.t_Clone v_T |} =
  | StructWithGenericBounds : v_T -> t_StructWithGenericBounds v_T
'''
"Traits.Unconstrainted_types_issue_677_.fst" = '''
module Traits.Unconstrainted_types_issue_677_
#set-options "--fuel 0 --ifuel 1 --z3rlimit 15"
open Core
open FStar.Mul

class t_PolyOp (#v_Self: Type0) = {
  f_op_pre:u32 -> u32 -> bool;
  f_op_post:u32 -> u32 -> u32 -> bool;
  f_op:x0: u32 -> x1: u32 -> Prims.Pure u32 (f_op_pre x0 x1) (fun result -> f_op_post x0 x1 result)
}

let twice (#v_OP: Type0) (#[FStar.Tactics.Typeclasses.tcresolve ()] i1: t_PolyOp v_OP) (x: u32)
    : u32 = f_op #v_OP x x

type t_Plus = | Plus : t_Plus

[@@ FStar.Tactics.Typeclasses.tcinstance]
let impl: t_PolyOp #t_Plus =
  {
    f_op_pre = (fun (x: u32) (y: u32) -> true);
    f_op_post = (fun (x: u32) (y: u32) (out: u32) -> true);
    f_op = fun (x: u32) (y: u32) -> x +! y
  }

type t_Times = | Times : t_Times

[@@ FStar.Tactics.Typeclasses.tcinstance]
let impl_1: t_PolyOp #t_Times =
  {
    f_op_pre = (fun (x: u32) (y: u32) -> true);
    f_op_post = (fun (x: u32) (y: u32) (out: u32) -> true);
    f_op = fun (x: u32) (y: u32) -> x *! y
  }

let both (x: u32) : (u32 & u32) = twice #t_Plus x, twice #t_Times x <: (u32 & u32)
'''
"Traits.fst" = '''
module Traits
#set-options "--fuel 0 --ifuel 1 --z3rlimit 15"
open Core
open FStar.Mul

class t_Bar (#v_Self: Type0) = {
  f_bar_pre:v_Self -> bool;
  f_bar_post:v_Self -> Prims.unit -> bool;
  f_bar:x0: v_Self -> Prims.Pure Prims.unit (f_bar_pre x0) (fun result -> f_bar_post x0 result)
}

let impl_2__method (#v_T: Type0) (#[FStar.Tactics.Typeclasses.tcresolve ()] i1: t_Bar v_T) (x: v_T)
    : Prims.unit = f_bar #v_T x

type t_Error = | Error_Fail : t_Error

let impl__Error__for_application_callback (_: Prims.unit) :  Prims.unit -> t_Error =
  fun temp_0_ ->
    let _:Prims.unit = temp_0_ in
    Error_Fail <: t_Error

let t_Error_cast_to_repr (x: t_Error) : isize = match x with | Error_Fail  -> isz 0

class t_Lang (#v_Self: Type0) = {
  f_Var:Type0;
  f_s_pre:v_Self -> i32 -> bool;
  f_s_post:v_Self -> i32 -> (v_Self & f_Var) -> bool;
  f_s:x0: v_Self -> x1: i32
    -> Prims.Pure (v_Self & f_Var) (f_s_pre x0 x1) (fun result -> f_s_post x0 x1 result)
}

class t_SuperTrait (#v_Self: Type0) = {
  [@@@ FStar.Tactics.Typeclasses.no_method]_super_9442900250278684536:Core.Clone.t_Clone v_Self;
  f_function_of_super_trait_pre:v_Self -> bool;
  f_function_of_super_trait_post:v_Self -> u32 -> bool;
  f_function_of_super_trait:x0: v_Self
    -> Prims.Pure u32
        (f_function_of_super_trait_pre x0)
        (fun result -> f_function_of_super_trait_post x0 result)
}

[@@ FStar.Tactics.Typeclasses.tcinstance]
let impl_SuperTrait_for_i32: t_SuperTrait #i32 =
  {
    _super_9442900250278684536 = FStar.Tactics.Typeclasses.solve;
    f_function_of_super_trait_pre = (fun (self: i32) -> true);
    f_function_of_super_trait_post = (fun (self: i32) (out: u32) -> true);
    f_function_of_super_trait = fun (self: i32) -> cast (Core.Num.impl__i32__abs self <: i32) <: u32
  }

class t_Foo (#v_Self: Type0) = {
  f_AssocType:Type0;
  f_AssocType_17663802186765685673:t_SuperTrait f_AssocType;
  f_AssocType_10139459042277121690:Core.Clone.t_Clone f_AssocType;
  f_N:usize;
  f_assoc_f_pre:Prims.unit -> bool;
  f_assoc_f_post:Prims.unit -> Prims.unit -> bool;
  f_assoc_f:x0: Prims.unit
    -> Prims.Pure Prims.unit (f_assoc_f_pre x0) (fun result -> f_assoc_f_post x0 result);
  f_method_f_pre:v_Self -> bool;
  f_method_f_post:v_Self -> Prims.unit -> bool;
  f_method_f:x0: v_Self
    -> Prims.Pure Prims.unit (f_method_f_pre x0) (fun result -> f_method_f_post x0 result);
  f_assoc_type_pre:{| i3: Core.Marker.t_Copy f_AssocType |} -> f_AssocType -> bool;
  f_assoc_type_post:{| i3: Core.Marker.t_Copy f_AssocType |} -> f_AssocType -> Prims.unit -> bool;
  f_assoc_type:{| i3: Core.Marker.t_Copy f_AssocType |} -> x0: f_AssocType
    -> Prims.Pure Prims.unit (f_assoc_type_pre i3 x0) (fun result -> f_assoc_type_post i3 x0 result)
}

let closure_impl_expr
      (#v_I: Type0)
      (#[FStar.Tactics.Typeclasses.tcresolve ()] i1: Core.Iter.Traits.Iterator.t_Iterator v_I)
      (it: v_I)
    : Alloc.Vec.t_Vec Prims.unit Alloc.Alloc.t_Global =
  Core.Iter.Traits.Iterator.f_collect #(Core.Iter.Adapters.Map.t_Map v_I (Prims.unit -> Prims.unit))
    #(Alloc.Vec.t_Vec Prims.unit Alloc.Alloc.t_Global)
    (Core.Iter.Traits.Iterator.f_map #v_I #Prims.unit it (fun x -> x)
      <:
      Core.Iter.Adapters.Map.t_Map v_I (Prims.unit -> Prims.unit))

let closure_impl_expr_fngen
      (#v_I #v_F: Type0)
      (#[FStar.Tactics.Typeclasses.tcresolve ()] i2: Core.Iter.Traits.Iterator.t_Iterator v_I)
      (#[FStar.Tactics.Typeclasses.tcresolve ()] i3: Core.Ops.Function.t_FnMut v_F Prims.unit)
      (it: v_I)
      (f: v_F)
    : Alloc.Vec.t_Vec Prims.unit Alloc.Alloc.t_Global =
  Core.Iter.Traits.Iterator.f_collect #(Core.Iter.Adapters.Map.t_Map v_I v_F)
    #(Alloc.Vec.t_Vec Prims.unit Alloc.Alloc.t_Global)
    (Core.Iter.Traits.Iterator.f_map #v_I #Prims.unit #v_F it f
      <:
      Core.Iter.Adapters.Map.t_Map v_I v_F)

let f (#v_T: Type0) (#[FStar.Tactics.Typeclasses.tcresolve ()] i1: t_Foo v_T) (x: v_T) : Prims.unit =
  let _:Prims.unit = f_assoc_f #v_T () in
  f_method_f #v_T x

let g (#v_T: Type0) (#[FStar.Tactics.Typeclasses.tcresolve ()] i1: t_Foo v_T) (x: i1.f_AssocType)
    : u32 = f_function_of_super_trait #i1.f_AssocType x

[@@ FStar.Tactics.Typeclasses.tcinstance]
let impl_Foo_for_tuple_: t_Foo #Prims.unit =
  {
    f_AssocType = i32;
    f_AssocType_17663802186765685673 = FStar.Tactics.Typeclasses.solve;
    f_N = sz 32;
    f_assoc_f_pre = (fun (_: Prims.unit) -> true);
    f_assoc_f_post = (fun (_: Prims.unit) (out: Prims.unit) -> true);
    f_assoc_f = (fun (_: Prims.unit) -> () <: Prims.unit);
    f_method_f_pre = (fun (self: Prims.unit) -> true);
    f_method_f_post = (fun (self: Prims.unit) (out: Prims.unit) -> true);
    f_method_f = (fun (self: Prims.unit) -> f_assoc_f #Prims.unit ());
    f_assoc_type_pre = (fun (_: i32) -> true);
    f_assoc_type_post = (fun (_: i32) (out: Prims.unit) -> true);
    f_assoc_type = fun (_: i32) -> ()
  }

type t_Struct = | Struct : t_Struct
'''
